---
source: src/supported_langs.rs
description: "If you are seeing changes in this file, it usually means that you've added a commutative parent, but didn't define signatures for (some of) its children"
expression: actual
---
[
    "C#: child `conversion_operator_declaration` of commutative parent 'declaration_list' doesn't have a signature defined",
    "C#: child `event_field_declaration` of commutative parent 'declaration_list' doesn't have a signature defined",
    "C#: child `indexer_declaration` of commutative parent 'declaration_list' doesn't have a signature defined",
    "C#: child `namespace_declaration` of commutative parent 'declaration_list' doesn't have a signature defined",
    "C#: child `property_declaration` of commutative parent 'declaration_list' doesn't have a signature defined",
    "Go: child `literal_element` of commutative parent 'literal_value' doesn't have a signature defined",
    "Java: child `type_identifier` of commutative parent 'throws' doesn't have a signature defined",
    "Kotlin: child `inheritance_modifier` of commutative parent 'modifiers' doesn't have a signature defined",
    "Kotlin: child `member_modifier` of commutative parent 'modifiers' doesn't have a signature defined",
    "Kotlin: child `visibility_modifier` of commutative parent 'modifiers' doesn't have a signature defined",
    "Markdown: child `link_reference_definition` of commutative parent 'section' doesn't have a signature defined",
    "PHP: child `use_declaration` of commutative parent 'declaration_list' doesn't have a signature defined",
    "Python: child `import_statement` of commutative parent 'module' doesn't have a signature defined",
    "Starlark: child `expression_statement` of commutative parent 'module' doesn't have a signature defined",
    "Typescript (TSX): child `abstract_method_signature` of commutative parent 'class_body' doesn't have a signature defined",
    "Typescript (TSX): child `class_static_block` of commutative parent 'class_body' doesn't have a signature defined",
    "Typescript (TSX): child `import_statement` of commutative parent 'program' doesn't have a signature defined",
    "Typescript (TSX): child `index_signature` of commutative parent 'class_body' doesn't have a signature defined",
    "Typescript (TSX): child `method_signature` of commutative parent 'class_body' doesn't have a signature defined",
    "Typescript: child `abstract_method_signature` of commutative parent 'class_body' doesn't have a signature defined",
    "Typescript: child `class_static_block` of commutative parent 'class_body' doesn't have a signature defined",
    "Typescript: child `import_statement` of commutative parent 'program' doesn't have a signature defined",
    "Typescript: child `index_signature` of commutative parent 'class_body' doesn't have a signature defined",
    "Typescript: child `method_signature` of commutative parent 'class_body' doesn't have a signature defined",
]
